>1:2-501
TACMAWATRTGATAAAATMAAAAAGAACATAACCTACGTATCAACTAAAGTGGTTGTTTG
MAGAAAAGGAAGACTTAAAAAGAGTCAGTACTAACCTACATAATATATACAATGTTCATT
AAATAATAAAATGAGCTCATCATACTTAGGTCATCATAAATATATCTGAAATTCACAAAT
ATTGATCAAATGGTAAAATAGACAAGTAGATTTTAATAGGTTAAACAATTACTGATTCTC
TTGAAAGAATAAATTTAATATGAGACCTATTTCATTATAATGAACTCACAAATTAGAAAC
TTCACACTGGGGGCTGGAGAGATGGCTCAGTAGTTAAGAACACTGACTGCTCTTCTGAAG
GTCCTGAGTTCAAATCCCAGCAACCACATGGTGACTTACAACCATCTGTAATGACATCTN
NNNNNNNNNNNNNNNNNNNNNNNNNNNNNNNNNNNNNNNNNNNNNNNNNNNNNNNNNNNC
TTTAAAAACAAAAAAAAAGAA
>2
NNNNNNNNNNNNNNNNNNNNNNNNNNNNNNNNNNNNNNNNNNNNNNNNNNNNNNNNNNNN
AAATTAGTGATTTTCCATATTCTTTAAGTCATTTTAGAGTAATGTGTTCTTAAGATTTCA
GAAAAACAAAAACTTGTGCTTTCCTGTTTGAAAAACAAACAGCTGTGGGGAATGGACGTA
CGTTGTCGGGACAGCCTTTTTATAAAATTTTTCTAAATAATGTTGAGGCTTTGATACGTC
AAAGNNNNNNNNNNNNNNNNNNNNNNNNNNNNNNNNNNNNNNNNNNNNNNNNNNNNNNNN
NNNNTTTGCTGCTGCCAATGACAGCACACCCTGGGAATGCCCCAACTACTTACTACAAAG
CAGTGTTACATGGAGAAGATCTTCAAGAGTCTTTTTGCTAGATCTTTCCTTGGCTTTTGA
TGTGACTCCTCTCAATAAAATCCACAGTAATATAGTGAGTGGTCTCCTGCTCCAAACCAG
TATTYCAGACACAGTTAATCCAGAC
