>1:2-501
TACCATATGTGACATAAAATAAAAAAGAACATAACCTACGTATCAACTAAAGTGGTTGTT
TGCAGAAAAGGAAGACTTAAAAAGAGTCAGTACTAACCTACATAATATATACAATGTTCA
TTAAATAATAAAATGAGCTCATCATACTTAGGTCATCATAAATATATCTGAAATTCACAA
ATATTGATCAAATGGTAAAATAGACAAGTAGATTTTAATAGGTTAAACAATTACTGATTC
TCTTGAAAGAATAAATTTAATATGAGACCTATTTCATTATAATGAACTCACAAATTAGAA
ACTTCACACTGGGGGCTGGAGAGATGGCTCAGTAGTTAAGAACACTGACTGCTCTTCTGA
AGGTCCTGAGTTCAAATCCCAGCAACCACATGGTGACTTACAACCATCTGTAATGACATC
TGATGCCCTCTGGTGTGTCTGAAGACAGCTACAGTGTACTTACATAAAATAATAAATAAA
TCTTTAAAAACAAAAAAAAAGAA
>2
GAAGATCTTTTCCTTATTAAGGATCTGAAGCTCTGTAGATTTGTATTCTATTAAACATGG
AGAGATTAGTGATTTTCCATATTCTTTAAGTCATTTTAGAGTAATGTGTTCTTAAGATAA
ATCAGAAAAACAAAAACTTGTGCTTTCCTGTTTGAAAAACAAACAGCTGTGGGGAATGGT
GTCGGGACAGCCTTTTTATAAATAATGTTGAGGCTTTGATACGTCAAAGTTATATTTCAA
ATGGAATCACTTAGACCTCGTTTCTGAGTGTCAATGGCCATATTGGGGATTTGCTGCTGC
CAATGACAGCACACCCTGGGAATGCCCCAACTACTTACTACAAAGCAGTGTTACATGGAG
AAGATCTTCAAGAGTCTTTTTGCTAGATCTTTCCTTGGCTTTTGATGTGACTCCTCTCAA
TAAAATCCACAGTAATATAGTGAGTGGTCTCCTGCTCCAAACCAGTATTTCAGACACAGT
TAATCCAGAC
